{"level":"info","message":"==================================================","timestamp":"2026-08-16 12:24:44:2444"}
{"level":"info","message":"🚀 Server running in [development] mode","timestamp":"2026-08-16 12:24:44:2444"}
{"level":"info","message":"📡 Listening on http://localhost:5000","timestamp":"2026-08-16 12:24:44:2444"}
{"level":"info","message":"📊 Dashboard: http://localhost:5000/index.html","timestamp":"2026-08-16 12:24:44:2444"}
{"level":"info","message":"==================================================","timestamp":"2026-08-16 12:24:44:2444"}
{"level":"http","message":"GET /index.html 200 - 14ms [IP: ::1]","timestamp":"2026-08-16 12:25:02:252"}
{"level":"http","message":"GET /api/logs/view?type=combined 200 - 26ms [IP: ::1]","timestamp":"2026-08-16 12:25:02:252"}
{"level":"error","message":"404 - Route /favicon.ico (GET) not found! - /favicon.ico - GET - ::1","metadata":{"ip":"::1","method":"GET","url":"/favicon.ico"},"stack":"Error: Route /favicon.ico (GET) not found!\n    at E:\\WeConnect Innovation Tasks\\Day 27\\src\\app.js:162:8\n    at Layer.handleRequest (E:\\WeConnect Innovation Tasks\\Day 27\\node_modules\\router\\lib\\layer.js:152:17)\n    at trimPrefix (E:\\WeConnect Innovation Tasks\\Day 27\\node_modules\\router\\index.js:342:13)\n    at E:\\WeConnect Innovation Tasks\\Day 27\\node_modules\\router\\index.js:297:9\n    at processParams (E:\\WeConnect Innovation Tasks\\Day 27\\node_modules\\router\\index.js:582:12)\n    at next (E:\\WeConnect Innovation Tasks\\Day 27\\node_modules\\router\\index.js:291:5)\n    at SendStream.error (E:\\WeConnect Innovation Tasks\\Day 27\\node_modules\\serve-static\\index.js:120:7)\n    at SendStream.emit (node:events:508:28)\n    at SendStream.error (E:\\WeConnect Innovation Tasks\\Day 27\\node_modules\\send\\index.js:168:17)\n    at SendStream.onStatError (E:\\WeConnect Innovation Tasks\\Day 27\\node_modules\\send\\index.js:315:12)","timestamp":"2026-08-16 12:25:02:252"}
{"level":"warn","message":"GET /favicon.ico 404 - 5ms [IP: ::1]","timestamp":"2026-08-16 12:25:02:252"}
{"level":"http","message":"GET /api/logs/view?type=combined 304 - 3ms [IP: ::1]","timestamp":"2026-08-16 12:25:04:254"}
{"level":"http","message":"GET /api/logs/view?type=combined 304 - 3ms [IP: ::1]","timestamp":"2026-08-16 12:25:06:256"}
{"level":"http","message":"GET /api/logs/view?type=combined 304 - 8ms [IP: ::1]","timestamp":"2026-08-16 12:25:08:258"}
{"level":"http","message":"GET /api/logs/view?type=combined 304 - 2ms [IP: ::1]","timestamp":"2026-08-16 12:25:10:2510"}
{"level":"http","message":"GET /api/logs/view?type=combined 304 - 1ms [IP: ::1]","timestamp":"2026-08-16 12:25:12:2512"}
{"level":"http","message":"GET /api/logs/view?type=combined 304 - 4ms [IP: ::1]","timestamp":"2026-08-16 12:25:14:2514"}
{"level":"info","message":"[Manual Log Triggered] Database operations processed successfully","timestamp":"2026-08-16 12:25:15:2515"}
{"level":"http","message":"POST /api/logs/generate 200 - 1ms [IP: ::1]","timestamp":"2026-08-16 12:25:15:2515"}
{"level":"http","message":"GET /api/logs/view?type=combined 304 - 4ms [IP: ::1]","timestamp":"2026-08-16 12:25:15:2515"}
{"level":"http","message":"GET /api/logs/view?type=combined 304 - 3ms [IP: ::1]","timestamp":"2026-08-16 12:25:16:2516"}
{"level":"http","message":"GET /api/logs/view?type=combined 304 - 1ms [IP: ::1]","timestamp":"2026-08-16 12:25:18:2518"}
{"level":"http","message":"GET /api/logs/view?type=combined 304 - 1ms [IP: ::1]","timestamp":"2026-08-16 12:25:20:2520"}
{"level":"http","message":"GET /api/logs/view?type=combined 304 - 9ms [IP: ::1]","timestamp":"2026-08-16 12:25:22:2522"}
{"level":"http","message":"GET /api/logs/view?type=combined 304 - 4ms [IP: ::1]","timestamp":"2026-08-16 12:25:24:2524"}
{"level":"http","message":"GET /api/logs/view?type=combined 304 - 3ms [IP: ::1]","timestamp":"2026-08-16 12:25:26:2526"}
{"level":"http","message":"GET /api/logs/view?type=combined 304 - 4ms [IP: ::1]","timestamp":"2026-08-16 12:25:28:2528"}
{"level":"http","message":"GET /api/logs/view?type=combined 304 - 1ms [IP: ::1]","timestamp":"2026-08-16 12:25:30:2530"}
{"level":"http","message":"GET /api/logs/view?type=combined 304 - 4ms [IP: ::1]","timestamp":"2026-08-16 12:25:32:2532"}
{"level":"http","message":"GET /api/logs/view?type=combined 304 - 1ms [IP: ::1]","timestamp":"2026-08-16 12:25:35:2535"}
{"level":"http","message":"GET /api/logs/view?type=combined 304 - 1ms [IP: ::1]","timestamp":"2026-08-16 12:25:36:2536"}
{"level":"http","message":"GET /api/logs/view?type=combined 304 - 1ms [IP: ::1]","timestamp":"2026-08-16 12:25:38:2538"}
{"level":"http","message":"GET /api/logs/view?type=combined 304 - 2ms [IP: ::1]","timestamp":"2026-08-16 12:25:40:2540"}
{"level":"http","message":"GET /api/logs/view?type=combined 304 - 2ms [IP: ::1]","timestamp":"2026-08-16 12:25:42:2542"}
{"level":"http","message":"GET /api/logs/view?type=combined 304 - 1ms [IP: ::1]","timestamp":"2026-08-16 12:25:44:2544"}
{"level":"http","message":"GET /api/logs/view?type=combined 304 - 1ms [IP: ::1]","timestamp":"2026-08-16 12:25:46:2546"}
{"level":"http","message":"GET /api/logs/view?type=combined 304 - 4ms [IP: ::1]","timestamp":"2026-08-16 12:25:48:2548"}
{"level":"http","message":"GET /api/logs/view?type=combined 304 - 3ms [IP: ::1]","timestamp":"2026-08-16 12:25:50:2550"}
{"level":"http","message":"GET /api/logs/view?type=combined 304 - 3ms [IP: ::1]","timestamp":"2026-08-16 12:25:52:2552"}
{"level":"http","message":"GET /api/logs/view?type=combined 304 - 2ms [IP: ::1]","timestamp":"2026-08-16 12:25:54:2554"}
{"level":"info","message":"[Manual Log Triggered] Test Info Log","timestamp":"2026-08-16 12:25:56:2556"}
{"level":"http","message":"POST /api/logs/generate 200 - 7ms [IP: ::1]","timestamp":"2026-08-16 12:25:56:2556"}
{"level":"http","message":"GET /api/logs/view?type=combined 304 - 2ms [IP: ::1]","timestamp":"2026-08-16 12:25:56:2556"}
{"level":"http","message":"GET /api/logs/view?type=combined 304 - 1ms [IP: ::1]","timestamp":"2026-08-16 12:25:56:2556"}
{"level":"http","message":"GET /api/logs/view?type=combined 304 - 1ms [IP: ::1]","timestamp":"2026-08-16 12:25:58:2558"}
{"level":"http","message":"GET /api/logs/view?type=combined 304 - 2ms [IP: ::1]","timestamp":"2026-08-16 12:26:00:260"}
{"level":"http","message":"GET /api/logs/view?type=combined 304 - 2ms [IP: ::1]","timestamp":"2026-08-16 12:26:02:262"}
{"level":"http","message":"GET /api/logs/view?type=combined 304 - 1ms [IP: ::1]","timestamp":"2026-08-16 12:26:04:264"}
{"level":"http","message":"GET /api/logs/view?type=combined 304 - 1ms [IP: ::1]","timestamp":"2026-08-16 12:26:06:266"}
{"level":"http","message":"GET /api/logs/view?type=combined 304 - 4ms [IP: ::1]","timestamp":"2026-08-16 12:26:08:268"}
{"level":"http","message":"GET /api/logs/view?type=combined 304 - 2ms [IP: ::1]","timestamp":"2026-08-16 12:26:10:2610"}
{"level":"http","message":"GET /api/logs/view?type=combined 304 - 2ms [IP: ::1]","timestamp":"2026-08-16 12:26:12:2612"}
{"level":"http","message":"GET /api/logs/view?type=combined 304 - 2ms [IP: ::1]","timestamp":"2026-08-16 12:26:13:2613"}
{"level":"http","message":"GET /api/logs/view?type=combined 304 - 1ms [IP: ::1]","timestamp":"2026-08-16 12:26:14:2614"}
{"level":"http","message":"GET /api/logs/view?type=combined 304 - 2ms [IP: ::1]","timestamp":"2026-08-16 12:26:16:2616"}
{"level":"http","message":"GET /api/logs/view?type=combined 304 - 2ms [IP: ::1]","timestamp":"2026-08-16 12:26:18:2618"}
{"level":"http","message":"GET /api/logs/view?type=combined 304 - 2ms [IP: ::1]","timestamp":"2026-08-16 12:26:20:2620"}
{"level":"http","message":"GET /api/logs/view?type=combined 304 - 2ms [IP: ::1]","timestamp":"2026-08-16 12:26:22:2622"}
{"level":"http","message":"GET /api/logs/view?type=combined 304 - 7ms [IP: ::1]","timestamp":"2026-08-16 12:26:24:2624"}
{"level":"http","message":"GET /api/logs/view?type=combined 304 - 1ms [IP: ::1]","timestamp":"2026-08-16 12:26:26:2626"}
{"level":"http","message":"GET /api/logs/view?type=combined 304 - 1ms [IP: ::1]","timestamp":"2026-08-16 12:26:28:2628"}
{"level":"http","message":"GET /api/logs/view?type=combined 304 - 2ms [IP: ::1]","timestamp":"2026-08-16 12:26:30:2630"}
{"level":"http","message":"GET /api/logs/view?type=combined 304 - 2ms [IP: ::1]","timestamp":"2026-08-16 12:26:32:2632"}
{"level":"http","message":"GET /api/logs/view?type=combined 304 - 2ms [IP: ::1]","timestamp":"2026-08-16 12:26:34:2634"}
{"level":"http","message":"GET /api/logs/view?type=combined 304 - 2ms [IP: ::1]","timestamp":"2026-08-16 12:26:36:2636"}
{"level":"http","message":"GET /api/logs/view?type=combined 304 - 1ms [IP: ::1]","timestamp":"2026-08-16 12:26:38:2638"}
{"level":"warn","message":"[Manual Log Triggered] Test Warn Log","timestamp":"2026-08-16 12:26:40:2640"}
{"level":"http","message":"POST /api/logs/generate 200 - 1ms [IP: ::1]","timestamp":"2026-08-16 12:26:40:2640"}
{"level":"http","message":"GET /api/logs/view?type=combined 304 - 5ms [IP: ::1]","timestamp":"2026-08-16 12:26:40:2640"}
{"level":"http","message":"GET /api/logs/view?type=combined 304 - 1ms [IP: ::1]","timestamp":"2026-08-16 12:26:40:2640"}
{"level":"http","message":"GET /api/logs/view?type=combined 304 - 3ms [IP: ::1]","timestamp":"2026-08-16 12:26:42:2642"}
{"level":"http","message":"GET /api/logs/view?type=combined 304 - 2ms [IP: ::1]","timestamp":"2026-08-16 12:26:44:2644"}
{"level":"http","message":"GET /api/logs/view?type=combined 304 - 5ms [IP: ::1]","timestamp":"2026-08-16 12:26:46:2646"}
{"level":"http","message":"GET /api/logs/view?type=combined 304 - 2ms [IP: ::1]","timestamp":"2026-08-16 12:26:48:2648"}
{"level":"http","message":"GET /api/logs/view?type=combined 304 - 5ms [IP: ::1]","timestamp":"2026-08-16 12:26:50:2650"}
{"level":"http","message":"GET /api/logs/view?type=combined 304 - 2ms [IP: ::1]","timestamp":"2026-08-16 12:26:52:2652"}
{"level":"http","message":"GET /api/logs/view?type=combined 304 - 1ms [IP: ::1]","timestamp":"2026-08-16 12:26:54:2654"}
{"level":"http","message":"GET /api/logs/view?type=combined 304 - 2ms [IP: ::1]","timestamp":"2026-08-16 12:26:56:2656"}
{"level":"http","message":"GET /api/logs/view?type=combined 304 - 2ms [IP: ::1]","timestamp":"2026-08-16 12:26:58:2658"}
{"level":"http","message":"GET /api/logs/view?type=combined 304 - 3ms [IP: ::1]","timestamp":"2026-08-16 12:27:00:270"}
{"level":"http","message":"GET /api/logs/view?type=combined 304 - 7ms [IP: ::1]","timestamp":"2026-08-16 12:27:02:272"}
{"level":"http","message":"GET /api/logs/view?type=combined 304 - 3ms [IP: ::1]","timestamp":"2026-08-16 12:27:04:274"}
{"level":"http","message":"GET /api/logs/view?type=combined 304 - 1ms [IP: ::1]","timestamp":"2026-08-16 12:27:06:276"}
{"level":"http","message":"GET /api/logs/view?type=combined 304 - 1ms [IP: ::1]","timestamp":"2026-08-16 12:27:08:278"}
{"level":"http","message":"GET /api/logs/view?type=combined 304 - 3ms [IP: ::1]","timestamp":"2026-08-16 12:27:10:2710"}
{"level":"http","message":"GET /api/logs/view?type=combined 304 - 4ms [IP: ::1]","timestamp":"2026-08-16 12:27:12:2712"}
{"level":"http","message":"GET /api/logs/view?type=combined 304 - 2ms [IP: ::1]","timestamp":"2026-08-16 12:27:14:2714"}
{"level":"http","message":"GET /api/logs/view?type=combined 304 - 1ms [IP: ::1]","timestamp":"2026-08-16 12:27:16:2716"}
{"level":"http","message":"GET /api/logs/view?type=combined 304 - 2ms [IP: ::1]","timestamp":"2026-08-16 12:27:18:2718"}
{"level":"http","message":"GET /api/logs/view?type=combined 304 - 3ms [IP: ::1]","timestamp":"2026-08-16 12:27:20:2720"}
{"level":"http","message":"GET /api/logs/view?type=combined 304 - 8ms [IP: ::1]","timestamp":"2026-08-16 12:27:22:2722"}
{"level":"http","message":"GET /api/logs/view?type=combined 304 - 1ms [IP: ::1]","timestamp":"2026-08-16 12:27:24:2724"}
{"level":"http","message":"GET /api/logs/view?type=combined 304 - 2ms [IP: ::1]","timestamp":"2026-08-16 12:27:26:2726"}
{"level":"http","message":"GET /api/logs/view?type=combined 304 - 1ms [IP: ::1]","timestamp":"2026-08-16 12:27:28:2728"}
{"level":"http","message":"GET /api/logs/view?type=combined 304 - 2ms [IP: ::1]","timestamp":"2026-08-16 12:27:30:2730"}
{"level":"http","message":"GET /api/logs/view?type=combined 304 - 1ms [IP: ::1]","timestamp":"2026-08-16 12:27:32:2732"}
{"level":"http","message":"GET /api/logs/view?type=combined 304 - 1ms [IP: ::1]","timestamp":"2026-08-16 12:27:34:2734"}
{"level":"http","message":"GET /api/logs/view?type=combined 304 - 3ms [IP: ::1]","timestamp":"2026-08-16 12:27:36:2736"}
{"level":"error","message":"[Manual Log Triggered] Test Error Log","timestamp":"2026-08-16 12:27:38:2738"}
{"level":"http","message":"POST /api/logs/generate 200 - 2ms [IP: ::1]","timestamp":"2026-08-16 12:27:38:2738"}
{"level":"http","message":"GET /api/logs/view?type=combined 304 - 2ms [IP: ::1]","timestamp":"2026-08-16 12:27:38:2738"}
{"level":"http","message":"GET /api/logs/view?type=combined 304 - 227ms [IP: ::1]","timestamp":"2026-08-16 12:27:39:2739"}
{"level":"http","message":"GET /api/logs/view?type=combined 304 - 2ms [IP: ::1]","timestamp":"2026-08-16 12:27:40:2740"}
{"level":"http","message":"GET /api/logs/view?type=combined 304 - 2ms [IP: ::1]","timestamp":"2026-08-16 12:27:42:2742"}
{"level":"http","message":"GET /api/logs/view?type=combined 304 - 2ms [IP: ::1]","timestamp":"2026-08-16 12:27:44:2744"}
{"level":"http","message":"GET /api/logs/view?type=combined 304 - 2ms [IP: ::1]","timestamp":"2026-08-16 12:27:46:2746"}
{"level":"http","message":"GET /api/logs/view?type=combined 304 - 1ms [IP: ::1]","timestamp":"2026-08-16 12:27:48:2748"}
{"level":"http","message":"GET /api/logs/view?type=combined 304 - 2ms [IP: ::1]","timestamp":"2026-08-16 12:27:50:2750"}
{"level":"http","message":"GET /api/logs/view?type=combined 304 - 3ms [IP: ::1]","timestamp":"2026-08-16 12:27:52:2752"}
{"level":"http","message":"GET /api/logs/view?type=combined 304 - 4ms [IP: ::1]","timestamp":"2026-08-16 12:27:54:2754"}
{"level":"http","message":"GET /api/logs/view?type=combined 304 - 2ms [IP: ::1]","timestamp":"2026-08-16 12:27:56:2756"}
{"level":"http","message":"GET /api/logs/view?type=combined 304 - 2ms [IP: ::1]","timestamp":"2026-08-16 12:27:58:2758"}
{"level":"http","message":"GET /api/logs/view?type=combined 304 - 1ms [IP: ::1]","timestamp":"2026-08-16 12:28:00:280"}
{"level":"http","message":"GET /api/logs/view?type=combined 304 - 2ms [IP: ::1]","timestamp":"2026-08-16 12:28:02:282"}
{"level":"http","message":"GET /api/logs/view?type=combined 304 - 2ms [IP: ::1]","timestamp":"2026-08-16 12:28:04:284"}
{"level":"http","message":"GET /api/logs/view?type=combined 304 - 3ms [IP: ::1]","timestamp":"2026-08-16 12:28:06:286"}
{"level":"info","message":"Triggering operational AppError","timestamp":"2026-08-16 12:28:08:288"}
{"level":"error","message":"400 - Invalid user input or bad request parameters. - /api/errors/operational - GET - ::1","metadata":{"ip":"::1","method":"GET","url":"/api/errors/operational"},"stack":"Error: Invalid user input or bad request parameters.\n    at E:\\WeConnect Innovation Tasks\\Day 27\\src\\app.js:66:8\n    at Layer.handleRequest (E:\\WeConnect Innovation Tasks\\Day 27\\node_modules\\router\\lib\\layer.js:152:17)\n    at next (E:\\WeConnect Innovation Tasks\\Day 27\\node_modules\\router\\lib\\route.js:157:13)\n    at Route.dispatch (E:\\WeConnect Innovation Tasks\\Day 27\\node_modules\\router\\lib\\route.js:117:3)\n    at handle (E:\\WeConnect Innovation Tasks\\Day 27\\node_modules\\router\\index.js:435:11)\n    at Layer.handleRequest (E:\\WeConnect Innovation Tasks\\Day 27\\node_modules\\router\\lib\\layer.js:152:17)\n    at E:\\WeConnect Innovation Tasks\\Day 27\\node_modules\\router\\index.js:295:15\n    at processParams (E:\\WeConnect Innovation Tasks\\Day 27\\node_modules\\router\\index.js:582:12)\n    at next (E:\\WeConnect Innovation Tasks\\Day 27\\node_modules\\router\\index.js:291:5)\n    at SendStream.error (E:\\WeConnect Innovation Tasks\\Day 27\\node_modules\\serve-static\\index.js:120:7)","timestamp":"2026-08-16 12:28:08:288"}
{"level":"warn","message":"GET /api/errors/operational 400 - 3ms [IP: ::1]","timestamp":"2026-08-16 12:28:08:288"}
{"level":"http","message":"GET /api/logs/view?type=combined 304 - 2ms [IP: ::1]","timestamp":"2026-08-16 12:28:08:288"}
{"level":"http","message":"GET /api/logs/view?type=combined 304 - 2ms [IP: ::1]","timestamp":"2026-08-16 12:28:09:289"}
{"level":"http","message":"GET /api/logs/view?type=combined 304 - 2ms [IP: ::1]","timestamp":"2026-08-16 12:28:10:2810"}
{"level":"http","message":"GET /api/logs/view?type=combined 304 - 1ms [IP: ::1]","timestamp":"2026-08-16 12:28:12:2812"}
{"level":"http","message":"GET /api/logs/view?type=combined 304 - 2ms [IP: ::1]","timestamp":"2026-08-16 12:28:14:2814"}
{"level":"http","message":"GET /api/logs/view?type=combined 304 - 1ms [IP: ::1]","timestamp":"2026-08-16 12:28:16:2816"}
{"level":"http","message":"GET /api/logs/view?type=combined 304 - 3ms [IP: ::1]","timestamp":"2026-08-16 12:28:18:2818"}
{"level":"http","message":"GET /api/logs/view?type=combined 304 - 3ms [IP: ::1]","timestamp":"2026-08-16 12:28:20:2820"}
{"level":"http","message":"GET /api/logs/view?type=combined 304 - 1ms [IP: ::1]","timestamp":"2026-08-16 12:28:22:2822"}
{"level":"http","message":"GET /api/logs/view?type=combined 304 - 2ms [IP: ::1]","timestamp":"2026-08-16 12:28:24:2824"}
{"level":"http","message":"GET /api/logs/view?type=combined 304 - 3ms [IP: ::1]","timestamp":"2026-08-16 12:28:26:2826"}
{"level":"http","message":"GET /api/logs/view?type=combined 304 - 2ms [IP: ::1]","timestamp":"2026-08-16 12:28:28:2828"}
{"level":"http","message":"GET /api/logs/view?type=combined 304 - 4ms [IP: ::1]","timestamp":"2026-08-16 12:28:30:2830"}
{"level":"http","message":"GET /api/logs/view?type=combined 304 - 7ms [IP: ::1]","timestamp":"2026-08-16 12:28:32:2832"}
{"level":"http","message":"GET /api/logs/view?type=combined 304 - 3ms [IP: ::1]","timestamp":"2026-08-16 12:28:34:2834"}
{"level":"http","message":"GET /api/logs/view?type=combined 304 - 1ms [IP: ::1]","timestamp":"2026-08-16 12:28:36:2836"}
{"level":"http","message":"GET /api/logs/view?type=combined 304 - 2ms [IP: ::1]","timestamp":"2026-08-16 12:28:38:2838"}
{"level":"http","message":"GET /api/logs/view?type=combined 304 - 3ms [IP: ::1]","timestamp":"2026-08-16 12:28:40:2840"}
{"level":"http","message":"GET /api/logs/view?type=combined 304 - 1ms [IP: ::1]","timestamp":"2026-08-16 12:28:42:2842"}
{"level":"http","message":"GET /api/logs/view?type=combined 304 - 1ms [IP: ::1]","timestamp":"2026-08-16 12:28:44:2844"}
{"level":"http","message":"GET /api/logs/view?type=combined 304 - 1ms [IP: ::1]","timestamp":"2026-08-16 12:28:46:2846"}
{"level":"http","message":"GET /api/logs/view?type=combined 304 - 2ms [IP: ::1]","timestamp":"2026-08-16 12:28:48:2848"}
{"level":"http","message":"GET /api/logs/view?type=combined 304 - 1ms [IP: ::1]","timestamp":"2026-08-16 12:28:50:2850"}
{"level":"http","message":"GET /api/logs/view?type=combined 304 - 3ms [IP: ::1]","timestamp":"2026-08-16 12:28:52:2852"}
{"level":"http","message":"GET /api/logs/view?type=combined 304 - 2ms [IP: ::1]","timestamp":"2026-08-16 12:28:54:2854"}
{"level":"http","message":"GET /api/logs/view?type=combined 304 - 1ms [IP: ::1]","timestamp":"2026-08-16 12:28:56:2856"}
{"level":"http","message":"GET /api/logs/view?type=combined 304 - 1ms [IP: ::1]","timestamp":"2026-08-16 12:28:58:2858"}
{"level":"http","message":"GET /api/logs/view?type=combined 304 - 2ms [IP: ::1]","timestamp":"2026-08-16 12:29:00:290"}
{"level":"http","message":"GET /api/logs/view?type=combined 304 - 1ms [IP: ::1]","timestamp":"2026-08-16 12:29:02:292"}
{"level":"http","message":"GET /api/logs/view?type=combined 304 - 4ms [IP: ::1]","timestamp":"2026-08-16 12:29:04:294"}
{"level":"http","message":"GET /api/logs/view?type=combined 304 - 2ms [IP: ::1]","timestamp":"2026-08-16 12:29:06:296"}
{"level":"http","message":"GET /api/logs/view?type=combined 304 - 1ms [IP: ::1]","timestamp":"2026-08-16 12:29:08:298"}
{"level":"http","message":"GET /api/logs/view?type=combined 304 - 2ms [IP: ::1]","timestamp":"2026-08-16 12:29:10:2910"}
{"level":"info","message":"Triggering synchronous route error","timestamp":"2026-08-16 12:29:11:2911"}
{"level":"error","message":"500 - someUndefinedVariable is not defined - /api/errors/sync - GET - ::1","metadata":{"ip":"::1","method":"GET","url":"/api/errors/sync"},"stack":"ReferenceError: someUndefinedVariable is not defined\n    at E:\\WeConnect Innovation Tasks\\Day 27\\src\\app.js:52:20\n    at Layer.handleRequest (E:\\WeConnect Innovation Tasks\\Day 27\\node_modules\\router\\lib\\layer.js:152:17)\n    at next (E:\\WeConnect Innovation Tasks\\Day 27\\node_modules\\router\\lib\\route.js:157:13)\n    at Route.dispatch (E:\\WeConnect Innovation Tasks\\Day 27\\node_modules\\router\\lib\\route.js:117:3)\n    at handle (E:\\WeConnect Innovation Tasks\\Day 27\\node_modules\\router\\index.js:435:11)\n    at Layer.handleRequest (E:\\WeConnect Innovation Tasks\\Day 27\\node_modules\\router\\lib\\layer.js:152:17)\n    at E:\\WeConnect Innovation Tasks\\Day 27\\node_modules\\router\\index.js:295:15\n    at processParams (E:\\WeConnect Innovation Tasks\\Day 27\\node_modules\\router\\index.js:582:12)\n    at next (E:\\WeConnect Innovation Tasks\\Day 27\\node_modules\\router\\index.js:291:5)\n    at SendStream.error (E:\\WeConnect Innovation Tasks\\Day 27\\node_modules\\serve-static\\index.js:120:7)","timestamp":"2026-08-16 12:29:11:2911"}
{"level":"error","message":"GET /api/errors/sync 500 - 11ms [IP: ::1]","timestamp":"2026-08-16 12:29:11:2911"}
{"level":"http","message":"GET /api/logs/view?type=combined 304 - 1ms [IP: ::1]","timestamp":"2026-08-16 12:29:12:2912"}
{"level":"http","message":"GET /api/logs/view?type=combined 304 - 3ms [IP: ::1]","timestamp":"2026-08-16 12:29:12:2912"}
{"level":"http","message":"GET /api/logs/view?type=combined 304 - 1ms [IP: ::1]","timestamp":"2026-08-16 12:29:14:2914"}
{"level":"http","message":"GET /api/logs/view?type=combined 304 - 1ms [IP: ::1]","timestamp":"2026-08-16 12:29:16:2916"}
{"level":"http","message":"GET /api/logs/view?type=combined 304 - 1ms [IP: ::1]","timestamp":"2026-08-16 12:29:18:2918"}
{"level":"http","message":"GET /api/logs/view?type=combined 304 - 1ms [IP: ::1]","timestamp":"2026-08-16 12:29:20:2920"}
{"level":"http","message":"GET /api/logs/view?type=combined 304 - 2ms [IP: ::1]","timestamp":"2026-08-16 12:29:22:2922"}
{"level":"http","message":"GET /api/logs/view?type=combined 304 - 1ms [IP: ::1]","timestamp":"2026-08-16 12:29:24:2924"}
{"level":"http","message":"GET /api/logs/view?type=combined 304 - 1ms [IP: ::1]","timestamp":"2026-08-16 12:29:26:2926"}
{"level":"http","message":"GET /api/logs/view?type=combined 304 - 2ms [IP: ::1]","timestamp":"2026-08-16 12:29:28:2928"}
{"level":"info","message":"Triggering asynchronous route error","timestamp":"2026-08-16 12:29:29:2929"}
{"level":"error","message":"500 - Database operation timed out or connection lost. (Simulated Async Error) - /api/errors/async - GET - ::1","metadata":{"ip":"::1","method":"GET","url":"/api/errors/async"},"stack":"Error: Database operation timed out or connection lost. (Simulated Async Error)\n    at Timeout._onTimeout (E:\\WeConnect Innovation Tasks\\Day 27\\src\\app.js:78:16)\n    at listOnTimeout (node:internal/timers:605:17)\n    at process.processTimers (node:internal/timers:541:7)","timestamp":"2026-08-16 12:29:30:2930"}
{"level":"error","message":"GET /api/errors/async 500 - 531ms [IP: ::1]","timestamp":"2026-08-16 12:29:30:2930"}
{"level":"http","message":"GET /api/logs/view?type=combined 304 - 4ms [IP: ::1]","timestamp":"2026-08-16 12:29:30:2930"}
{"level":"http","message":"GET /api/logs/view?type=combined 304 - 3ms [IP: ::1]","timestamp":"2026-08-16 12:29:30:2930"}
{"level":"http","message":"GET /api/logs/view?type=combined 304 - 2ms [IP: ::1]","timestamp":"2026-08-16 12:29:32:2932"}
{"level":"http","message":"GET /api/logs/view?type=combined 304 - 1ms [IP: ::1]","timestamp":"2026-08-16 12:29:34:2934"}
{"level":"http","message":"GET /api/logs/view?type=combined 304 - 2ms [IP: ::1]","timestamp":"2026-08-16 12:29:36:2936"}
{"level":"http","message":"GET /api/logs/view?type=combined 304 - 2ms [IP: ::1]","timestamp":"2026-08-16 12:29:38:2938"}
{"level":"http","message":"GET /api/logs/view?type=combined 304 - 2ms [IP: ::1]","timestamp":"2026-08-16 12:29:40:2940"}
{"level":"http","message":"GET /api/logs/view?type=combined 304 - 6ms [IP: ::1]","timestamp":"2026-08-16 12:29:42:2942"}
{"level":"http","message":"GET /index.html 304 - 1ms [IP: ::1]","timestamp":"2026-08-16 12:29:57:2957"}
{"level":"http","message":"GET /api/logs/view?type=combined 304 - 1ms [IP: ::1]","timestamp":"2026-08-16 12:29:57:2957"}
{"level":"error","message":"404 - Route /favicon.ico (GET) not found! - /favicon.ico - GET - ::1","metadata":{"ip":"::1","method":"GET","url":"/favicon.ico"},"stack":"Error: Route /favicon.ico (GET) not found!\n    at E:\\WeConnect Innovation Tasks\\Day 27\\src\\app.js:162:8\n    at Layer.handleRequest (E:\\WeConnect Innovation Tasks\\Day 27\\node_modules\\router\\lib\\layer.js:152:17)\n    at trimPrefix (E:\\WeConnect Innovation Tasks\\Day 27\\node_modules\\router\\index.js:342:13)\n    at E:\\WeConnect Innovation Tasks\\Day 27\\node_modules\\router\\index.js:297:9\n    at processParams (E:\\WeConnect Innovation Tasks\\Day 27\\node_modules\\router\\index.js:582:12)\n    at next (E:\\WeConnect Innovation Tasks\\Day 27\\node_modules\\router\\index.js:291:5)\n    at SendStream.error (E:\\WeConnect Innovation Tasks\\Day 27\\node_modules\\serve-static\\index.js:120:7)\n    at SendStream.emit (node:events:508:28)\n    at SendStream.error (E:\\WeConnect Innovation Tasks\\Day 27\\node_modules\\send\\index.js:168:17)\n    at SendStream.onStatError (E:\\WeConnect Innovation Tasks\\Day 27\\node_modules\\send\\index.js:315:12)","timestamp":"2026-08-16 12:29:57:2957"}
{"level":"warn","message":"GET /favicon.ico 404 - 2ms [IP: ::1]","timestamp":"2026-08-16 12:29:57:2957"}
{"level":"http","message":"GET /api/logs/view?type=combined 304 - 1ms [IP: ::1]","timestamp":"2026-08-16 12:29:59:2959"}
{"level":"http","message":"GET /api/logs/view?type=combined 304 - 2ms [IP: ::1]","timestamp":"2026-08-16 12:30:01:301"}
{"level":"http","message":"GET /api/logs/view?type=combined 304 - 2ms [IP: ::1]","timestamp":"2026-08-16 12:30:03:303"}
{"level":"info","message":"==================================================","timestamp":"2026-08-16 12:30:04:304"}
{"level":"info","message":"🚀 Server running in [development] mode","timestamp":"2026-08-16 12:30:04:304"}
{"level":"info","message":"📡 Listening on http://localhost:5000","timestamp":"2026-08-16 12:30:04:304"}
{"level":"info","message":"📊 Dashboard: http://localhost:5000/index.html","timestamp":"2026-08-16 12:30:04:304"}
{"level":"info","message":"==================================================","timestamp":"2026-08-16 12:30:04:304"}
{"level":"http","message":"GET /api/logs/view?type=combined 304 - 2ms [IP: ::1]","timestamp":"2026-08-16 12:30:05:305"}
{"level":"http","message":"GET /api/logs/view?type=combined 304 - 3ms [IP: ::1]","timestamp":"2026-08-16 12:30:07:307"}
{"level":"http","message":"GET /api/logs/view?type=combined 304 - 1ms [IP: ::1]","timestamp":"2026-08-16 12:30:09:309"}
{"level":"http","message":"GET /api/logs/view?type=combined 304 - 5ms [IP: ::1]","timestamp":"2026-08-16 12:30:11:3011"}
{"level":"http","message":"GET /api/logs/view?type=combined 304 - 2ms [IP: ::1]","timestamp":"2026-08-16 12:30:13:3013"}
{"level":"http","message":"GET /api/logs/view?type=combined 304 - 1ms [IP: ::1]","timestamp":"2026-08-16 12:30:15:3015"}
{"level":"info","message":"Triggering asynchronous route error","timestamp":"2026-08-16 12:30:17:3017"}
{"level":"http","message":"GET /api/logs/view?type=combined 304 - 2ms [IP: ::1]","timestamp":"2026-08-16 12:30:17:3017"}
{"level":"error","message":"500 - Database operation timed out or connection lost. (Simulated Async Error) - /api/errors/async - GET - ::1","metadata":{"ip":"::1","method":"GET","url":"/api/errors/async"},"stack":"Error: Database operation timed out or connection lost. (Simulated Async Error)\n    at Timeout._onTimeout (E:\\WeConnect Innovation Tasks\\Day 27\\src\\app.js:78:16)\n    at listOnTimeout (node:internal/timers:605:17)\n    at process.processTimers (node:internal/timers:541:7)","timestamp":"2026-08-16 12:30:17:3017"}
{"level":"error","message":"GET /api/errors/async 500 - 503ms [IP: ::1]","timestamp":"2026-08-16 12:30:17:3017"}
{"level":"http","message":"GET /api/logs/view?type=combined 304 - 2ms [IP: ::1]","timestamp":"2026-08-16 12:30:18:3018"}
{"level":"http","message":"GET /api/logs/view?type=combined 304 - 3ms [IP: ::1]","timestamp":"2026-08-16 12:30:19:3019"}
{"level":"http","message":"GET /api/logs/view?type=combined 304 - 2ms [IP: ::1]","timestamp":"2026-08-16 12:30:21:3021"}
{"level":"http","message":"GET /api/logs/view?type=combined 304 - 1ms [IP: ::1]","timestamp":"2026-08-16 12:30:23:3023"}
{"level":"http","message":"GET /api/logs/view?type=combined 304 - 1ms [IP: ::1]","timestamp":"2026-08-16 12:30:25:3025"}
{"level":"http","message":"GET /api/logs/view?type=combined 304 - 2ms [IP: ::1]","timestamp":"2026-08-16 12:30:27:3027"}
{"level":"http","message":"GET /index.html 200 - 6ms [IP: ::1]","timestamp":"2026-08-16 12:30:29:3029"}
{"level":"http","message":"GET /api/logs/view?type=combined 304 - 3ms [IP: ::1]","timestamp":"2026-08-16 12:30:29:3029"}
{"level":"http","message":"GET /api/logs/view?type=combined 200 - 5ms [IP: ::1]","timestamp":"2026-08-16 12:30:30:3030"}
{"level":"error","message":"404 - Route /favicon.ico (GET) not found! - /favicon.ico - GET - ::1","metadata":{"ip":"::1","method":"GET","url":"/favicon.ico"},"stack":"Error: Route /favicon.ico (GET) not found!\n    at E:\\WeConnect Innovation Tasks\\Day 27\\src\\app.js:162:8\n    at Layer.handleRequest (E:\\WeConnect Innovation Tasks\\Day 27\\node_modules\\router\\lib\\layer.js:152:17)\n    at trimPrefix (E:\\WeConnect Innovation Tasks\\Day 27\\node_modules\\router\\index.js:342:13)\n    at E:\\WeConnect Innovation Tasks\\Day 27\\node_modules\\router\\index.js:297:9\n    at processParams (E:\\WeConnect Innovation Tasks\\Day 27\\node_modules\\router\\index.js:582:12)\n    at next (E:\\WeConnect Innovation Tasks\\Day 27\\node_modules\\router\\index.js:291:5)\n    at SendStream.error (E:\\WeConnect Innovation Tasks\\Day 27\\node_modules\\serve-static\\index.js:120:7)\n    at SendStream.emit (node:events:508:28)\n    at SendStream.error (E:\\WeConnect Innovation Tasks\\Day 27\\node_modules\\send\\index.js:168:17)\n    at SendStream.onStatError (E:\\WeConnect Innovation Tasks\\Day 27\\node_modules\\send\\index.js:315:12)","timestamp":"2026-08-16 12:30:30:3030"}
{"level":"warn","message":"GET /favicon.ico 404 - 3ms [IP: ::1]","timestamp":"2026-08-16 12:30:30:3030"}
{"level":"http","message":"GET /api/logs/view?type=combined 304 - 1ms [IP: ::1]","timestamp":"2026-08-16 12:30:31:3031"}
{"level":"http","message":"GET /api/logs/view?type=combined 304 - 1ms [IP: ::1]","timestamp":"2026-08-16 12:30:32:3032"}
{"level":"http","message":"GET /api/logs/view?type=combined 304 - 3ms [IP: ::1]","timestamp":"2026-08-16 12:30:33:3033"}
{"level":"http","message":"GET /api/logs/view?type=combined 304 - 3ms [IP: ::1]","timestamp":"2026-08-16 12:30:34:3034"}
{"level":"http","message":"GET /api/logs/view?type=combined 304 - 3ms [IP: ::1]","timestamp":"2026-08-16 12:30:35:3035"}
{"level":"http","message":"GET /api/logs/view?type=combined 304 - 2ms [IP: ::1]","timestamp":"2026-08-16 12:30:36:3036"}
{"level":"http","message":"GET /api/logs/view?type=combined 304 - 3ms [IP: ::1]","timestamp":"2026-08-16 12:30:37:3037"}
{"level":"http","message":"GET /api/logs/view?type=combined 304 - 2ms [IP: ::1]","timestamp":"2026-08-16 12:30:38:3038"}
{"level":"http","message":"GET /api/logs/view?type=combined 304 - 2ms [IP: ::1]","timestamp":"2026-08-16 12:30:39:3039"}
{"level":"http","message":"GET /api/logs/view?type=combined 304 - 1ms [IP: ::1]","timestamp":"2026-08-16 12:30:40:3040"}
{"level":"info","message":"[Manual Log Triggered] Database operations processed successfully","timestamp":"2026-08-16 12:30:40:3040"}
{"level":"http","message":"POST /api/logs/generate 200 - 1ms [IP: ::1]","timestamp":"2026-08-16 12:30:40:3040"}
{"level":"http","message":"GET /api/logs/view?type=combined 304 - 5ms [IP: ::1]","timestamp":"2026-08-16 12:30:40:3040"}
{"level":"http","message":"GET /api/logs/view?type=combined 304 - 2ms [IP: ::1]","timestamp":"2026-08-16 12:30:41:3041"}
{"level":"warn","message":"[Manual Log Triggered] Dynamic manual trigger message","timestamp":"2026-08-16 12:30:41:3041"}
{"level":"http","message":"POST /api/logs/generate 200 - 3ms [IP: ::1]","timestamp":"2026-08-16 12:30:41:3041"}
{"level":"http","message":"GET /api/logs/view?type=combined 304 - 2ms [IP: ::1]","timestamp":"2026-08-16 12:30:41:3041"}
{"level":"http","message":"GET /api/logs/view?type=combined 304 - 3ms [IP: ::1]","timestamp":"2026-08-16 12:30:42:3042"}
{"level":"error","message":"[Manual Log Triggered] Dynamic manual trigger message","timestamp":"2026-08-16 12:30:42:3042"}
{"level":"http","message":"POST /api/logs/generate 200 - 1ms [IP: ::1]","timestamp":"2026-08-16 12:30:43:3043"}
{"level":"http","message":"GET /api/logs/view?type=combined 304 - 2ms [IP: ::1]","timestamp":"2026-08-16 12:30:43:3043"}
{"level":"http","message":"GET /api/logs/view?type=combined 304 - 12ms [IP: ::1]","timestamp":"2026-08-16 12:30:43:3043"}
{"level":"http","message":"GET /api/logs/view?type=combined 304 - 13ms [IP: ::1]","timestamp":"2026-08-16 12:30:44:3044"}
{"level":"http","message":"[Manual Log Triggered] Dynamic manual trigger message","timestamp":"2026-08-16 12:30:44:3044"}
{"level":"http","message":"POST /api/logs/generate 200 - 2ms [IP: ::1]","timestamp":"2026-08-16 12:30:44:3044"}
{"level":"http","message":"GET /api/logs/view?type=combined 304 - 8ms [IP: ::1]","timestamp":"2026-08-16 12:30:44:3044"}
{"level":"http","message":"GET /api/logs/view?type=combined 304 - 3ms [IP: ::1]","timestamp":"2026-08-16 12:30:45:3045"}
{"level":"debug","message":"[Manual Log Triggered] Dynamic manual trigger message","timestamp":"2026-08-16 12:30:45:3045"}
{"level":"http","message":"POST /api/logs/generate 200 - 2ms [IP: ::1]","timestamp":"2026-08-16 12:30:45:3045"}
{"level":"http","message":"GET /api/logs/view?type=combined 304 - 4ms [IP: ::1]","timestamp":"2026-08-16 12:30:45:3045"}
{"level":"http","message":"GET /api/logs/view?type=combined 304 - 3ms [IP: ::1]","timestamp":"2026-08-16 12:30:46:3046"}
{"level":"info","message":"Triggering operational AppError","timestamp":"2026-08-16 12:30:47:3047"}
{"level":"error","message":"400 - Invalid user input or bad request parameters. - /api/errors/operational - GET - ::1","metadata":{"ip":"::1","method":"GET","url":"/api/errors/operational"},"stack":"Error: Invalid user input or bad request parameters.\n    at E:\\WeConnect Innovation Tasks\\Day 27\\src\\app.js:66:8\n    at Layer.handleRequest (E:\\WeConnect Innovation Tasks\\Day 27\\node_modules\\router\\lib\\layer.js:152:17)\n    at next (E:\\WeConnect Innovation Tasks\\Day 27\\node_modules\\router\\lib\\route.js:157:13)\n    at Route.dispatch (E:\\WeConnect Innovation Tasks\\Day 27\\node_modules\\router\\lib\\route.js:117:3)\n    at handle (E:\\WeConnect Innovation Tasks\\Day 27\\node_modules\\router\\index.js:435:11)\n    at Layer.handleRequest (E:\\WeConnect Innovation Tasks\\Day 27\\node_modules\\router\\lib\\layer.js:152:17)\n    at E:\\WeConnect Innovation Tasks\\Day 27\\node_modules\\router\\index.js:295:15\n    at processParams (E:\\WeConnect Innovation Tasks\\Day 27\\node_modules\\router\\index.js:582:12)\n    at next (E:\\WeConnect Innovation Tasks\\Day 27\\node_modules\\router\\index.js:291:5)\n    at SendStream.error (E:\\WeConnect Innovation Tasks\\Day 27\\node_modules\\serve-static\\index.js:120:7)","timestamp":"2026-08-16 12:30:47:3047"}
{"level":"warn","message":"GET /api/errors/operational 400 - 7ms [IP: ::1]","timestamp":"2026-08-16 12:30:47:3047"}
{"level":"http","message":"GET /api/logs/view?type=combined 304 - 1ms [IP: ::1]","timestamp":"2026-08-16 12:30:47:3047"}
{"level":"http","message":"GET /api/logs/view?type=combined 304 - 1ms [IP: ::1]","timestamp":"2026-08-16 12:30:47:3047"}
{"level":"http","message":"GET /api/logs/view?type=combined 304 - 1ms [IP: ::1]","timestamp":"2026-08-16 12:30:48:3048"}
{"level":"error","message":"404 - Route /api/errors/some-invalid-route-slug (GET) not found! - /api/errors/some-invalid-route-slug - GET - ::1","metadata":{"ip":"::1","method":"GET","url":"/api/errors/some-invalid-route-slug"},"stack":"Error: Route /api/errors/some-invalid-route-slug (GET) not found!\n    at E:\\WeConnect Innovation Tasks\\Day 27\\src\\app.js:162:8\n    at Layer.handleRequest (E:\\WeConnect Innovation Tasks\\Day 27\\node_modules\\router\\lib\\layer.js:152:17)\n    at trimPrefix (E:\\WeConnect Innovation Tasks\\Day 27\\node_modules\\router\\index.js:342:13)\n    at E:\\WeConnect Innovation Tasks\\Day 27\\node_modules\\router\\index.js:297:9\n    at processParams (E:\\WeConnect Innovation Tasks\\Day 27\\node_modules\\router\\index.js:582:12)\n    at next (E:\\WeConnect Innovation Tasks\\Day 27\\node_modules\\router\\index.js:291:5)\n    at SendStream.error (E:\\WeConnect Innovation Tasks\\Day 27\\node_modules\\serve-static\\index.js:120:7)\n    at SendStream.emit (node:events:508:28)\n    at SendStream.error (E:\\WeConnect Innovation Tasks\\Day 27\\node_modules\\send\\index.js:168:17)\n    at SendStream.onStatError (E:\\WeConnect Innovation Tasks\\Day 27\\node_modules\\send\\index.js:315:12)","timestamp":"2026-08-16 12:30:48:3048"}
{"level":"warn","message":"GET /api/errors/some-invalid-route-slug 404 - 8ms [IP: ::1]","timestamp":"2026-08-16 12:30:48:3048"}
{"level":"http","message":"GET /api/logs/view?type=combined 304 - 1ms [IP: ::1]","timestamp":"2026-08-16 12:30:48:3048"}
{"level":"http","message":"GET /api/logs/view?type=combined 304 - 7ms [IP: ::1]","timestamp":"2026-08-16 12:30:49:3049"}
{"level":"http","message":"GET /api/logs/view?type=combined 304 - 3ms [IP: ::1]","timestamp":"2026-08-16 12:30:50:3050"}
{"level":"http","message":"GET /api/logs/view?type=combined 304 - 2ms [IP: ::1]","timestamp":"2026-08-16 12:30:51:3051"}
{"level":"http","message":"GET /api/logs/view?type=combined 304 - 2ms [IP: ::1]","timestamp":"2026-08-16 12:30:52:3052"}
{"level":"info","message":"Triggering synchronous route error","timestamp":"2026-08-16 12:30:53:3053"}
{"level":"error","message":"500 - someUndefinedVariable is not defined - /api/errors/sync - GET - ::1","metadata":{"ip":"::1","method":"GET","url":"/api/errors/sync"},"stack":"ReferenceError: someUndefinedVariable is not defined\n    at E:\\WeConnect Innovation Tasks\\Day 27\\src\\app.js:52:20\n    at Layer.handleRequest (E:\\WeConnect Innovation Tasks\\Day 27\\node_modules\\router\\lib\\layer.js:152:17)\n    at next (E:\\WeConnect Innovation Tasks\\Day 27\\node_modules\\router\\lib\\route.js:157:13)\n    at Route.dispatch (E:\\WeConnect Innovation Tasks\\Day 27\\node_modules\\router\\lib\\route.js:117:3)\n    at handle (E:\\WeConnect Innovation Tasks\\Day 27\\node_modules\\router\\index.js:435:11)\n    at Layer.handleRequest (E:\\WeConnect Innovation Tasks\\Day 27\\node_modules\\router\\lib\\layer.js:152:17)\n    at E:\\WeConnect Innovation Tasks\\Day 27\\node_modules\\router\\index.js:295:15\n    at processParams (E:\\WeConnect Innovation Tasks\\Day 27\\node_modules\\router\\index.js:582:12)\n    at next (E:\\WeConnect Innovation Tasks\\Day 27\\node_modules\\router\\index.js:291:5)\n    at SendStream.error (E:\\WeConnect Innovation Tasks\\Day 27\\node_modules\\serve-static\\index.js:120:7)","timestamp":"2026-08-16 12:30:53:3053"}
{"level":"error","message":"GET /api/errors/sync 500 - 10ms [IP: ::1]","timestamp":"2026-08-16 12:30:53:3053"}
{"level":"http","message":"GET /api/logs/view?type=combined 304 - 1ms [IP: ::1]","timestamp":"2026-08-16 12:30:53:3053"}
{"level":"http","message":"GET /api/logs/view?type=combined 304 - 6ms [IP: ::1]","timestamp":"2026-08-16 12:30:53:3053"}
{"level":"http","message":"GET /api/logs/view?type=combined 304 - 3ms [IP: ::1]","timestamp":"2026-08-16 12:30:54:3054"}
{"level":"http","message":"GET /api/logs/view?type=combined 304 - 4ms [IP: ::1]","timestamp":"2026-08-16 12:30:55:3055"}
{"level":"http","message":"GET /api/logs/view?type=combined 304 - 1ms [IP: ::1]","timestamp":"2026-08-16 12:30:56:3056"}
{"level":"info","message":"Triggering uncaught exception","timestamp":"2026-08-16 12:30:57:3057"}
{"level":"http","message":"GET /api/errors/uncaught-exception 202 - 4ms [IP: ::1]","timestamp":"2026-08-16 12:30:57:3057"}
{"level":"http","message":"GET /api/logs/view?type=combined 304 - 2ms [IP: ::1]","timestamp":"2026-08-16 12:30:57:3057"}
{"level":"http","message":"GET /api/logs/view?type=combined 304 - 3ms [IP: ::1]","timestamp":"2026-08-16 12:30:57:3057"}
{"level":"http","message":"GET /api/logs/view?type=combined 304 - 4ms [IP: ::1]","timestamp":"2026-08-16 12:30:58:3058"}
{"level":"http","message":"GET /api/logs/view?type=combined 304 - 2ms [IP: ::1]","timestamp":"2026-08-16 12:30:59:3059"}
{"level":"debug","message":"[Manual Log Triggered] Dynamic manual trigger message","timestamp":"2026-08-16 12:30:59:3059"}
{"level":"http","message":"POST /api/logs/generate 200 - 3ms [IP: ::1]","timestamp":"2026-08-16 12:30:59:3059"}
{"level":"http","message":"GET /api/logs/view?type=combined 304 - 4ms [IP: ::1]","timestamp":"2026-08-16 12:30:59:3059"}
{"level":"http","message":"GET /api/logs/view?type=combined 304 - 3ms [IP: ::1]","timestamp":"2026-08-16 12:31:00:310"}
{"level":"http","message":"GET /api/logs/view?type=combined 304 - 2ms [IP: ::1]","timestamp":"2026-08-16 12:31:01:311"}
{"level":"http","message":"GET /api/logs/view?type=combined 304 - 2ms [IP: ::1]","timestamp":"2026-08-16 12:31:02:312"}
{"level":"http","message":"GET /api/logs/view?type=error 200 - 2ms [IP: ::1]","timestamp":"2026-08-16 12:31:02:312"}
{"level":"http","message":"GET /api/logs/view?type=error 304 - 2ms [IP: ::1]","timestamp":"2026-08-16 12:31:03:313"}
{"level":"http","message":"GET /api/logs/view?type=combined 304 - 2ms [IP: ::1]","timestamp":"2026-08-16 12:31:04:314"}
{"level":"http","message":"GET /api/logs/view?type=error 304 - 4ms [IP: ::1]","timestamp":"2026-08-16 12:31:05:315"}
{"level":"http","message":"GET /api/logs/view?type=error 200 - 2ms [IP: ::1]","timestamp":"2026-08-16 12:31:06:316"}
{"level":"http","message":"GET /api/logs/view?type=error 304 - 3ms [IP: ::1]","timestamp":"2026-08-16 12:31:06:316"}
{"level":"http","message":"GET /api/logs/view?type=exceptions 200 - 8ms [IP: ::1]","timestamp":"2026-08-16 12:31:07:317"}
{"level":"http","message":"GET /api/logs/view?type=error 304 - 9ms [IP: ::1]","timestamp":"2026-08-16 12:31:07:317"}
{"level":"http","message":"GET /api/logs/view?type=rejections 200 - 1ms [IP: ::1]","timestamp":"2026-08-16 12:31:08:318"}
{"level":"http","message":"GET /api/logs/view?type=rejections 304 - 10ms [IP: ::1]","timestamp":"2026-08-16 12:31:08:318"}
{"level":"http","message":"GET /api/logs/view?type=error 304 - 2ms [IP: ::1]","timestamp":"2026-08-16 12:31:09:319"}
{"level":"http","message":"GET /api/logs/view?type=combined 304 - 5ms [IP: ::1]","timestamp":"2026-08-16 12:31:09:319"}
{"level":"http","message":"GET /api/logs/view?type=combined 304 - 1ms [IP: ::1]","timestamp":"2026-08-16 12:31:10:3110"}
{"level":"http","message":"GET /api/logs/view?type=error 304 - 2ms [IP: ::1]","timestamp":"2026-08-16 12:31:11:3111"}
{"level":"http","message":"GET /api/logs/view?type=combined 304 - 3ms [IP: ::1]","timestamp":"2026-08-16 12:31:12:3112"}
{"level":"http","message":"GET /api/logs/view?type=error 304 - 4ms [IP: ::1]","timestamp":"2026-08-16 12:31:13:3113"}
{"level":"http","message":"GET /api/logs/view?type=combined 304 - 6ms [IP: ::1]","timestamp":"2026-08-16 12:31:14:3114"}
{"level":"http","message":"GET /api/logs/view?type=error 304 - 2ms [IP: ::1]","timestamp":"2026-08-16 12:31:15:3115"}
{"level":"http","message":"GET /api/logs/view?type=exceptions 200 - 2ms [IP: ::1]","timestamp":"2026-08-16 12:31:15:3115"}
{"level":"http","message":"GET /api/logs/view?type=exceptions 304 - 2ms [IP: ::1]","timestamp":"2026-08-16 12:31:17:3117"}
{"level":"http","message":"GET /api/logs/view?type=exceptions 304 - 3ms [IP: ::1]","timestamp":"2026-08-16 12:31:19:3119"}
{"level":"http","message":"GET /api/logs/view?type=exceptions 304 - 3ms [IP: ::1]","timestamp":"2026-08-16 12:31:21:3121"}
{"level":"http","message":"GET /api/logs/view?type=exceptions 304 - 2ms [IP: ::1]","timestamp":"2026-08-16 12:31:23:3123"}
{"level":"http","message":"GET /api/logs/view?type=combined 304 - 1ms [IP: ::1]","timestamp":"2026-08-16 12:31:24:3124"}
{"level":"http","message":"GET /api/logs/view?type=combined 304 - 3ms [IP: ::1]","timestamp":"2026-08-16 12:31:25:3125"}
{"level":"http","message":"GET /api/logs/view?type=combined 304 - 1ms [IP: ::1]","timestamp":"2026-08-16 12:31:27:3127"}
{"level":"http","message":"GET /api/logs/view?type=combined 304 - 2ms [IP: ::1]","timestamp":"2026-08-16 12:31:29:3129"}
{"level":"http","message":"GET /api/logs/view?type=combined 304 - 2ms [IP: ::1]","timestamp":"2026-08-16 12:31:31:3131"}
{"level":"http","message":"GET /api/logs/view?type=combined 304 - 0ms [IP: ::1]","timestamp":"2026-08-16 12:31:33:3133"}
{"level":"http","message":"GET /api/logs/view?type=combined 304 - 1ms [IP: ::1]","timestamp":"2026-08-16 12:31:35:3135"}
{"level":"http","message":"GET /api/logs/view?type=combined 304 - 2ms [IP: ::1]","timestamp":"2026-08-16 12:31:37:3137"}
{"level":"http","message":"GET /api/logs/view?type=combined 304 - 1ms [IP: ::1]","timestamp":"2026-08-16 12:31:39:3139"}
{"level":"http","message":"GET /api/logs/view?type=combined 304 - 1ms [IP: ::1]","timestamp":"2026-08-16 12:31:41:3141"}
{"level":"http","message":"GET /api/logs/view?type=combined 304 - 1ms [IP: ::1]","timestamp":"2026-08-16 12:31:43:3143"}
{"level":"http","message":"GET /api/logs/view?type=combined 304 - 1ms [IP: ::1]","timestamp":"2026-08-16 12:31:45:3145"}
{"level":"http","message":"GET /api/logs/view?type=combined 304 - 2ms [IP: ::1]","timestamp":"2026-08-16 12:31:47:3147"}
{"level":"http","message":"GET /api/logs/view?type=combined 304 - 2ms [IP: ::1]","timestamp":"2026-08-16 12:31:49:3149"}
{"level":"http","message":"GET /api/logs/view?type=combined 304 - 1ms [IP: ::1]","timestamp":"2026-08-16 12:31:51:3151"}
{"level":"http","message":"GET /api/logs/view?type=combined 304 - 2ms [IP: ::1]","timestamp":"2026-08-16 12:31:53:3153"}
{"level":"http","message":"GET /api/logs/view?type=combined 304 - 1ms [IP: ::1]","timestamp":"2026-08-16 12:31:55:3155"}
{"level":"http","message":"GET /api/logs/view?type=combined 304 - 1ms [IP: ::1]","timestamp":"2026-08-16 12:31:57:3157"}
{"level":"http","message":"GET /api/logs/view?type=combined 304 - 1ms [IP: ::1]","timestamp":"2026-08-16 12:31:59:3159"}
{"level":"info","message":"==================================================","timestamp":"2026-08-16 12:32:00:320"}
{"level":"info","message":"🚀 Server running in [development] mode","timestamp":"2026-08-16 12:32:00:320"}
{"level":"info","message":"📡 Listening on http://localhost:5000","timestamp":"2026-08-16 12:32:00:320"}
{"level":"info","message":"📊 Dashboard: http://localhost:5000/index.html","timestamp":"2026-08-16 12:32:00:320"}
{"level":"info","message":"==================================================","timestamp":"2026-08-16 12:32:00:320"}
{"level":"info","message":"==================================================","timestamp":"2026-08-16 12:32:01:321"}
{"level":"info","message":"🚀 Server running in [development] mode","timestamp":"2026-08-16 12:32:01:321"}
{"level":"info","message":"📡 Listening on http://localhost:5000","timestamp":"2026-08-16 12:32:01:321"}
{"level":"info","message":"📊 Dashboard: http://localhost:5000/index.html","timestamp":"2026-08-16 12:32:01:321"}
{"level":"info","message":"==================================================","timestamp":"2026-08-16 12:32:01:321"}
{"level":"http","message":"GET /api/logs/view?type=combined 200 - 16ms [IP: ::1]","timestamp":"2026-08-16 12:32:01:321"}
{"level":"http","message":"GET /api/logs/view?type=combined 200 - 3ms [IP: ::1]","timestamp":"2026-08-16 12:32:03:323"}
{"level":"http","message":"GET /api/logs/view?type=combined 200 - 3ms [IP: ::1]","timestamp":"2026-08-16 12:32:05:325"}
{"level":"http","message":"GET /api/logs/view?type=combined 200 - 3ms [IP: ::1]","timestamp":"2026-08-16 12:32:07:327"}
{"level":"http","message":"GET /api/logs/view?type=combined 200 - 3ms [IP: ::1]","timestamp":"2026-08-16 12:32:09:329"}
{"level":"http","message":"GET /api/logs/view?type=combined 200 - 2ms [IP: ::1]","timestamp":"2026-08-16 12:32:11:3211"}
{"level":"http","message":"GET /api/logs/view?type=combined 200 - 3ms [IP: ::1]","timestamp":"2026-08-16 12:32:13:3213"}
{"level":"http","message":"GET /api/logs/view?type=combined 200 - 3ms [IP: ::1]","timestamp":"2026-08-16 12:32:15:3215"}
{"level":"http","message":"GET /api/logs/view?type=combined 200 - 4ms [IP: ::1]","timestamp":"2026-08-16 12:32:17:3217"}
{"level":"http","message":"GET /api/logs/view?type=combined 200 - 4ms [IP: ::1]","timestamp":"2026-08-16 12:32:19:3219"}
{"level":"http","message":"GET /api/logs/view?type=combined 200 - 4ms [IP: ::1]","timestamp":"2026-08-16 12:32:21:3221"}
{"level":"http","message":"GET /api/logs/view?type=combined 200 - 2ms [IP: ::1]","timestamp":"2026-08-16 12:32:23:3223"}
{"level":"http","message":"GET /api/logs/view?type=combined 200 - 3ms [IP: ::1]","timestamp":"2026-08-16 12:32:25:3225"}
{"level":"http","message":"GET /api/logs/view?type=combined 200 - 2ms [IP: ::1]","timestamp":"2026-08-16 12:32:27:3227"}
{"level":"http","message":"GET /api/logs/view?type=combined 200 - 3ms [IP: ::1]","timestamp":"2026-08-16 12:32:29:3229"}
{"level":"http","message":"GET /api/logs/view?type=combined 200 - 3ms [IP: ::1]","timestamp":"2026-08-16 12:32:31:3231"}
{"level":"http","message":"GET /api/logs/view?type=combined 200 - 9ms [IP: ::1]","timestamp":"2026-08-16 12:32:33:3233"}
{"level":"http","message":"GET /api/logs/view?type=combined 200 - 4ms [IP: ::1]","timestamp":"2026-08-16 12:32:35:3235"}
{"level":"http","message":"GET /api/logs/view?type=combined 200 - 5ms [IP: ::1]","timestamp":"2026-08-16 12:32:37:3237"}
{"level":"http","message":"GET /api/logs/view?type=combined 200 - 4ms [IP: ::1]","timestamp":"2026-08-16 12:32:39:3239"}
{"level":"http","message":"GET /api/logs/view?type=combined 200 - 6ms [IP: ::1]","timestamp":"2026-08-16 12:32:41:3241"}
{"level":"http","message":"GET /api/logs/view?type=combined 200 - 6ms [IP: ::1]","timestamp":"2026-08-16 12:32:43:3243"}
{"level":"http","message":"GET /api/logs/view?type=combined 200 - 6ms [IP: ::1]","timestamp":"2026-08-16 12:32:45:3245"}
{"level":"http","message":"GET /api/logs/view?type=combined 200 - 5ms [IP: ::1]","timestamp":"2026-08-16 12:32:47:3247"}
{"level":"http","message":"GET /api/logs/view?type=combined 200 - 7ms [IP: ::1]","timestamp":"2026-08-16 12:32:49:3249"}
{"level":"http","message":"GET /api/logs/view?type=combined 200 - 2ms [IP: ::1]","timestamp":"2026-08-16 12:32:51:3251"}
{"level":"http","message":"GET /api/logs/view?type=combined 200 - 7ms [IP: ::1]","timestamp":"2026-08-16 12:32:53:3253"}
{"level":"http","message":"GET /api/logs/view?type=combined 200 - 4ms [IP: ::1]","timestamp":"2026-08-16 12:32:55:3255"}
{"level":"http","message":"GET /api/logs/view?type=combined 200 - 6ms [IP: ::1]","timestamp":"2026-08-16 12:32:57:3257"}
{"level":"http","message":"GET /api/logs/view?type=combined 200 - 4ms [IP: ::1]","timestamp":"2026-08-16 12:32:59:3259"}
{"level":"http","message":"GET /api/logs/view?type=combined 200 - 7ms [IP: ::1]","timestamp":"2026-08-16 12:33:01:331"}
{"level":"http","message":"GET /api/logs/view?type=combined 200 - 5ms [IP: ::1]","timestamp":"2026-08-16 12:33:03:333"}
{"level":"http","message":"GET /api/logs/view?type=combined 200 - 6ms [IP: ::1]","timestamp":"2026-08-16 12:33:05:335"}
{"level":"info","message":"[Manual Log Triggered] Antigravity testing Winston logging","timestamp":"2026-08-16 12:33:06:336"}
{"level":"http","message":"POST /api/logs/generate 200 - 3ms [IP: ::1]","timestamp":"2026-08-16 12:33:06:336"}
{"level":"http","message":"GET /api/logs/view?type=combined 200 - 5ms [IP: ::1]","timestamp":"2026-08-16 12:33:06:336"}
{"level":"http","message":"GET /api/logs/view?type=combined 200 - 3ms [IP: ::1]","timestamp":"2026-08-16 12:33:07:337"}
{"level":"http","message":"GET /api/logs/view?type=combined 200 - 4ms [IP: ::1]","timestamp":"2026-08-16 12:33:09:339"}
{"level":"http","message":"GET /api/logs/view?type=combined 200 - 7ms [IP: ::1]","timestamp":"2026-08-16 12:33:11:3311"}
{"level":"http","message":"GET /api/logs/view?type=combined 200 - 2ms [IP: ::1]","timestamp":"2026-08-16 12:33:13:3313"}
{"level":"http","message":"GET /api/logs/view?type=combined 200 - 9ms [IP: ::1]","timestamp":"2026-08-16 12:33:15:3315"}
{"level":"http","message":"GET /api/logs/view?type=combined 200 - 3ms [IP: ::1]","timestamp":"2026-08-16 12:33:17:3317"}
{"level":"http","message":"GET /api/logs/view?type=combined 200 - 6ms [IP: ::1]","timestamp":"2026-08-16 12:33:19:3319"}
{"level":"http","message":"GET /api/logs/view?type=combined 200 - 3ms [IP: ::1]","timestamp":"2026-08-16 12:33:21:3321"}
{"level":"http","message":"GET /api/logs/view?type=combined 200 - 4ms [IP: ::1]","timestamp":"2026-08-16 12:33:23:3323"}
{"level":"http","message":"GET /api/logs/view?type=combined 200 - 5ms [IP: ::1]","timestamp":"2026-08-16 12:33:25:3325"}
{"level":"http","message":"GET /api/logs/view?type=combined 200 - 5ms [IP: ::1]","timestamp":"2026-08-16 12:33:27:3327"}
{"level":"http","message":"GET /api/logs/view?type=combined 200 - 4ms [IP: ::1]","timestamp":"2026-08-16 12:33:29:3329"}
{"level":"http","message":"GET /api/logs/view?type=combined 200 - 6ms [IP: ::1]","timestamp":"2026-08-16 12:33:31:3331"}
{"level":"http","message":"GET /api/logs/view?type=combined 200 - 4ms [IP: ::1]","timestamp":"2026-08-16 12:33:33:3333"}
{"level":"http","message":"GET /api/logs/view?type=combined 200 - 8ms [IP: ::1]","timestamp":"2026-08-16 12:33:35:3335"}
{"level":"http","message":"GET /api/logs/view?type=combined 200 - 3ms [IP: ::1]","timestamp":"2026-08-16 12:33:37:3337"}
{"level":"http","message":"GET /api/logs/view?type=combined 200 - 6ms [IP: ::1]","timestamp":"2026-08-16 12:33:39:3339"}
{"level":"http","message":"GET /api/logs/view?type=combined 200 - 4ms [IP: ::1]","timestamp":"2026-08-16 12:33:41:3341"}
{"level":"warn","message":"[Manual Log Triggered] Antigravity testing Winston logging","timestamp":"2026-08-16 12:33:42:3342"}
{"level":"http","message":"POST /api/logs/generate 200 - 2ms [IP: ::1]","timestamp":"2026-08-16 12:33:42:3342"}
{"level":"http","message":"GET /api/logs/view?type=combined 200 - 5ms [IP: ::1]","timestamp":"2026-08-16 12:33:42:3342"}
{"level":"http","message":"GET /api/logs/view?type=combined 200 - 3ms [IP: ::1]","timestamp":"2026-08-16 12:33:43:3343"}
{"level":"http","message":"GET /api/logs/view?type=combined 200 - 7ms [IP: ::1]","timestamp":"2026-08-16 12:33:45:3345"}
{"level":"http","message":"GET /api/logs/view?type=combined 200 - 3ms [IP: ::1]","timestamp":"2026-08-16 12:33:47:3347"}
{"level":"http","message":"GET /api/logs/view?type=combined 200 - 5ms [IP: ::1]","timestamp":"2026-08-16 12:33:49:3349"}
{"level":"http","message":"GET /api/logs/view?type=combined 200 - 5ms [IP: ::1]","timestamp":"2026-08-16 12:33:51:3351"}
{"level":"http","message":"GET /api/logs/view?type=combined 200 - 4ms [IP: ::1]","timestamp":"2026-08-16 12:33:53:3353"}
{"level":"http","message":"GET /api/logs/view?type=combined 200 - 4ms [IP: ::1]","timestamp":"2026-08-16 12:33:55:3355"}
{"level":"http","message":"GET /api/logs/view?type=combined 200 - 5ms [IP: ::1]","timestamp":"2026-08-16 12:33:57:3357"}
{"level":"http","message":"GET /api/logs/view?type=combined 200 - 3ms [IP: ::1]","timestamp":"2026-08-16 12:33:59:3359"}
{"level":"http","message":"GET /api/logs/view?type=combined 200 - 6ms [IP: ::1]","timestamp":"2026-08-16 12:34:01:341"}
{"level":"http","message":"GET /api/logs/view?type=combined 200 - 3ms [IP: ::1]","timestamp":"2026-08-16 12:34:03:343"}
{"level":"http","message":"GET /api/logs/view?type=combined 200 - 7ms [IP: ::1]","timestamp":"2026-08-16 12:34:05:345"}
{"level":"http","message":"GET /api/logs/view?type=combined 200 - 3ms [IP: ::1]","timestamp":"2026-08-16 12:34:07:347"}
{"level":"http","message":"GET /api/logs/view?type=combined 200 - 5ms [IP: ::1]","timestamp":"2026-08-16 12:34:09:349"}
{"level":"http","message":"GET /api/logs/view?type=combined 200 - 3ms [IP: ::1]","timestamp":"2026-08-16 12:34:11:3411"}
{"level":"http","message":"GET /api/logs/view?type=combined 200 - 5ms [IP: ::1]","timestamp":"2026-08-16 12:34:13:3413"}
{"level":"http","message":"GET /api/logs/view?type=combined 200 - 4ms [IP: ::1]","timestamp":"2026-08-16 12:34:15:3415"}
{"level":"http","message":"GET /api/logs/view?type=combined 200 - 4ms [IP: ::1]","timestamp":"2026-08-16 12:34:17:3417"}
{"level":"http","message":"GET /api/logs/view?type=combined 200 - 7ms [IP: ::1]","timestamp":"2026-08-16 12:34:19:3419"}
{"level":"http","message":"GET /api/logs/view?type=combined 200 - 5ms [IP: ::1]","timestamp":"2026-08-16 12:34:21:3421"}
{"level":"http","message":"GET /api/logs/view?type=combined 200 - 5ms [IP: ::1]","timestamp":"2026-08-16 12:34:23:3423"}
{"level":"info","message":"[Manual Log Triggered] Antigravity testing Winston logging","timestamp":"2026-08-16 12:34:52:3452"}
{"level":"http","message":"POST /api/logs/generate 200 - 4ms [IP: ::1]","timestamp":"2026-08-16 12:34:52:3452"}
{"level":"http","message":"GET /api/logs/view?type=combined 200 - 6ms [IP: ::1]","timestamp":"2026-08-16 12:34:52:3452"}
{"level":"warn","message":"[Manual Log Triggered] Antigravity testing Winston logging","timestamp":"2026-08-16 12:35:23:3523"}
{"level":"http","message":"POST /api/logs/generate 200 - 4ms [IP: ::1]","timestamp":"2026-08-16 12:35:23:3523"}
{"level":"http","message":"GET /api/logs/view?type=combined 200 - 5ms [IP: ::1]","timestamp":"2026-08-16 12:35:23:3523"}
{"level":"info","message":"Triggering operational AppError","timestamp":"2026-08-16 12:35:51:3551"}
{"level":"error","message":"400 - Invalid user input or bad request parameters. - /api/errors/operational - GET - ::1","metadata":{"ip":"::1","method":"GET","url":"/api/errors/operational"},"stack":"Error: Invalid user input or bad request parameters.\n    at E:\\WeConnect Innovation Tasks\\Day 27\\src\\app.js:66:8\n    at Layer.handleRequest (E:\\WeConnect Innovation Tasks\\Day 27\\node_modules\\router\\lib\\layer.js:152:17)\n    at next (E:\\WeConnect Innovation Tasks\\Day 27\\node_modules\\router\\lib\\route.js:157:13)\n    at Route.dispatch (E:\\WeConnect Innovation Tasks\\Day 27\\node_modules\\router\\lib\\route.js:117:3)\n    at handle (E:\\WeConnect Innovation Tasks\\Day 27\\node_modules\\router\\index.js:435:11)\n    at Layer.handleRequest (E:\\WeConnect Innovation Tasks\\Day 27\\node_modules\\router\\lib\\layer.js:152:17)\n    at E:\\WeConnect Innovation Tasks\\Day 27\\node_modules\\router\\index.js:295:15\n    at processParams (E:\\WeConnect Innovation Tasks\\Day 27\\node_modules\\router\\index.js:582:12)\n    at next (E:\\WeConnect Innovation Tasks\\Day 27\\node_modules\\router\\index.js:291:5)\n    at SendStream.error (E:\\WeConnect Innovation Tasks\\Day 27\\node_modules\\serve-static\\index.js:120:7)","timestamp":"2026-08-16 12:35:51:3551"}
{"level":"warn","message":"GET /api/errors/operational 400 - 13ms [IP: ::1]","timestamp":"2026-08-16 12:35:51:3551"}
{"level":"http","message":"GET /api/logs/view?type=combined 200 - 8ms [IP: ::1]","timestamp":"2026-08-16 12:35:51:3551"}
{"level":"info","message":"Triggering synchronous route error","timestamp":"2026-08-16 12:36:01:361"}
{"level":"error","message":"500 - someUndefinedVariable is not defined - /api/errors/sync - GET - ::1","metadata":{"ip":"::1","method":"GET","url":"/api/errors/sync"},"stack":"ReferenceError: someUndefinedVariable is not defined\n    at E:\\WeConnect Innovation Tasks\\Day 27\\src\\app.js:52:20\n    at Layer.handleRequest (E:\\WeConnect Innovation Tasks\\Day 27\\node_modules\\router\\lib\\layer.js:152:17)\n    at next (E:\\WeConnect Innovation Tasks\\Day 27\\node_modules\\router\\lib\\route.js:157:13)\n    at Route.dispatch (E:\\WeConnect Innovation Tasks\\Day 27\\node_modules\\router\\lib\\route.js:117:3)\n    at handle (E:\\WeConnect Innovation Tasks\\Day 27\\node_modules\\router\\index.js:435:11)\n    at Layer.handleRequest (E:\\WeConnect Innovation Tasks\\Day 27\\node_modules\\router\\lib\\layer.js:152:17)\n    at E:\\WeConnect Innovation Tasks\\Day 27\\node_modules\\router\\index.js:295:15\n    at processParams (E:\\WeConnect Innovation Tasks\\Day 27\\node_modules\\router\\index.js:582:12)\n    at next (E:\\WeConnect Innovation Tasks\\Day 27\\node_modules\\router\\index.js:291:5)\n    at SendStream.error (E:\\WeConnect Innovation Tasks\\Day 27\\node_modules\\serve-static\\index.js:120:7)","timestamp":"2026-08-16 12:36:01:361"}
{"level":"error","message":"GET /api/errors/sync 500 - 5ms [IP: ::1]","timestamp":"2026-08-16 12:36:01:361"}
{"level":"http","message":"GET /api/logs/view?type=combined 200 - 6ms [IP: ::1]","timestamp":"2026-08-16 12:36:02:362"}
{"level":"http","message":"GET /api/logs/view?type=error 200 - 2ms [IP: ::1]","timestamp":"2026-08-16 12:36:28:3628"}
{"level":"http","message":"GET /api/logs/view?type=combined 200 - 8ms [IP: ::1]","timestamp":"2026-08-16 12:36:46:3646"}
{"level":"warn","message":"Received SIGINT. Shutting down server gracefully...","timestamp":"2026-08-16 12:39:20:3920"}
{"level":"info","message":"==================================================","timestamp":"2026-08-16 12:40:25:4025"}
{"level":"info","message":"🚀 Server running in [development] mode","timestamp":"2026-08-16 12:40:25:4025"}
{"level":"info","message":"📡 Listening on http://localhost:5000","timestamp":"2026-08-16 12:40:25:4025"}
{"level":"info","message":"📊 Dashboard: http://localhost:5000/index.html","timestamp":"2026-08-16 12:40:25:4025"}
{"level":"info","message":"==================================================","timestamp":"2026-08-16 12:40:25:4025"}
{"level":"http","message":"GET /index.html 304 - 8ms [IP: ::1]","timestamp":"2026-08-16 12:40:59:4059"}
{"level":"http","message":"GET /api/logs/view?type=combined 200 - 17ms [IP: ::1]","timestamp":"2026-08-16 12:40:59:4059"}
{"level":"http","message":"GET /api/logs/view?type=combined 200 - 6ms [IP: ::1]","timestamp":"2026-08-16 12:41:01:411"}
{"level":"http","message":"GET /api/logs/view?type=combined 200 - 8ms [IP: ::1]","timestamp":"2026-08-16 12:41:03:413"}
{"level":"http","message":"GET /api/logs/view?type=combined 200 - 5ms [IP: ::1]","timestamp":"2026-08-16 12:41:05:415"}
{"level":"http","message":"GET /api/logs/view?type=combined 200 - 9ms [IP: ::1]","timestamp":"2026-08-16 12:41:07:417"}
{"level":"http","message":"GET /api/logs/view?type=combined 200 - 5ms [IP: ::1]","timestamp":"2026-08-16 12:41:09:419"}
{"level":"http","message":"GET /api/logs/view?type=combined 200 - 8ms [IP: ::1]","timestamp":"2026-08-16 12:41:11:4111"}
{"level":"http","message":"GET /api/logs/view?type=combined 200 - 4ms [IP: ::1]","timestamp":"2026-08-16 12:41:13:4113"}
{"level":"http","message":"GET /api/logs/view?type=combined 200 - 7ms [IP: ::1]","timestamp":"2026-08-16 12:41:15:4115"}
{"level":"http","message":"GET /api/logs/view?type=combined 200 - 5ms [IP: ::1]","timestamp":"2026-08-16 12:41:17:4117"}
{"level":"http","message":"GET /api/logs/view?type=combined 200 - 8ms [IP: ::1]","timestamp":"2026-08-16 12:41:19:4119"}
{"level":"http","message":"GET /api/logs/view?type=combined 200 - 3ms [IP: ::1]","timestamp":"2026-08-16 12:41:21:4121"}
{"level":"http","message":"GET /api/logs/view?type=combined 200 - 6ms [IP: ::1]","timestamp":"2026-08-16 12:41:23:4123"}
{"level":"http","message":"GET /api/logs/view?type=combined 200 - 2ms [IP: ::1]","timestamp":"2026-08-16 12:41:26:4126"}
{"level":"http","message":"GET /api/logs/view?type=combined 200 - 7ms [IP: ::1]","timestamp":"2026-08-16 12:41:28:4128"}
{"level":"http","message":"GET /api/logs/view?type=combined 200 - 2ms [IP: ::1]","timestamp":"2026-08-16 12:41:30:4130"}
{"level":"http","message":"GET /api/logs/view?type=combined 200 - 6ms [IP: ::1]","timestamp":"2026-08-16 12:41:32:4132"}
{"level":"http","message":"GET /api/logs/view?type=combined 200 - 5ms [IP: ::1]","timestamp":"2026-08-16 12:41:34:4134"}
{"level":"http","message":"GET /api/logs/view?type=combined 200 - 6ms [IP: ::1]","timestamp":"2026-08-16 12:41:36:4136"}
{"level":"http","message":"GET /api/logs/view?type=combined 200 - 5ms [IP: ::1]","timestamp":"2026-08-16 12:41:38:4138"}
{"level":"http","message":"GET /api/logs/view?type=combined 200 - 5ms [IP: ::1]","timestamp":"2026-08-16 12:41:40:4140"}
{"level":"http","message":"GET /api/logs/view?type=combined 200 - 5ms [IP: ::1]","timestamp":"2026-08-16 12:41:42:4142"}
{"level":"http","message":"GET /api/logs/view?type=combined 200 - 5ms [IP: ::1]","timestamp":"2026-08-16 12:41:44:4144"}
{"level":"http","message":"GET /api/logs/view?type=combined 200 - 3ms [IP: ::1]","timestamp":"2026-08-16 12:41:46:4146"}
{"level":"http","message":"GET /api/logs/view?type=combined 200 - 4ms [IP: ::1]","timestamp":"2026-08-16 12:41:48:4148"}
{"level":"http","message":"GET /api/logs/view?type=combined 200 - 4ms [IP: ::1]","timestamp":"2026-08-16 12:41:50:4150"}
{"level":"http","message":"GET /api/logs/view?type=combined 200 - 6ms [IP: ::1]","timestamp":"2026-08-16 12:41:52:4152"}
{"level":"http","message":"GET /api/logs/view?type=combined 200 - 4ms [IP: ::1]","timestamp":"2026-08-16 12:41:54:4154"}
{"level":"http","message":"GET /api/logs/view?type=combined 200 - 7ms [IP: ::1]","timestamp":"2026-08-16 12:41:56:4156"}
{"level":"http","message":"GET /api/logs/view?type=combined 200 - 4ms [IP: ::1]","timestamp":"2026-08-16 12:41:58:4158"}
{"level":"http","message":"GET /api/logs/view?type=combined 200 - 4ms [IP: ::1]","timestamp":"2026-08-16 12:42:00:420"}
{"level":"http","message":"GET /api/logs/view?type=combined 200 - 2ms [IP: ::1]","timestamp":"2026-08-16 12:42:02:422"}
{"level":"http","message":"GET /api/logs/view?type=combined 200 - 4ms [IP: ::1]","timestamp":"2026-08-16 12:42:04:424"}
{"level":"http","message":"GET /api/logs/view?type=combined 200 - 5ms [IP: ::1]","timestamp":"2026-08-16 12:42:06:426"}
{"level":"http","message":"GET /api/logs/view?type=combined 200 - 5ms [IP: ::1]","timestamp":"2026-08-16 12:42:08:428"}
{"level":"http","message":"GET /api/logs/view?type=combined 200 - 4ms [IP: ::1]","timestamp":"2026-08-16 12:42:10:4210"}
{"level":"http","message":"GET /api/logs/view?type=combined 200 - 6ms [IP: ::1]","timestamp":"2026-08-16 12:42:12:4212"}
{"level":"http","message":"GET /api/logs/view?type=combined 200 - 3ms [IP: ::1]","timestamp":"2026-08-16 12:42:14:4214"}
{"level":"http","message":"GET /api/logs/view?type=combined 200 - 6ms [IP: ::1]","timestamp":"2026-08-16 12:42:16:4216"}
{"level":"http","message":"GET /api/logs/view?type=combined 200 - 4ms [IP: ::1]","timestamp":"2026-08-16 12:42:18:4218"}
{"level":"http","message":"GET /api/logs/view?type=combined 200 - 6ms [IP: ::1]","timestamp":"2026-08-16 12:42:20:4220"}
{"level":"http","message":"GET /api/logs/view?type=combined 200 - 4ms [IP: ::1]","timestamp":"2026-08-16 12:42:22:4222"}
{"level":"http","message":"GET /api/logs/view?type=combined 200 - 7ms [IP: ::1]","timestamp":"2026-08-16 12:42:24:4224"}
{"level":"http","message":"GET /api/logs/view?type=combined 200 - 2ms [IP: ::1]","timestamp":"2026-08-16 12:43:09:439"}
{"level":"http","message":"GET /api/logs/view?type=combined 200 - 7ms [IP: ::1]","timestamp":"2026-08-16 12:44:09:449"}
{"level":"http","message":"GET /api/logs/view?type=combined 200 - 4ms [IP: ::1]","timestamp":"2026-08-16 12:45:09:459"}
